01:22:22 **** Build of configuration Debug for project led_blink ****
make -j8 all 
arm-none-eabi-gcc "../Drivers/STM32F1xx_HAL_Driver/Src/stm32f1xx_hal.c" -mcpu=cortex-m3 -std=gnu11 -g3 -DDEBUG -DUSE_HAL_DRIVER -DSTM32F103xB -c -I../Core/Inc -I../Drivers/STM32F1xx_HAL_Driver/Inc -I../Drivers/STM32F1xx_HAL_Driver/Inc/Legacy -I../Drivers/CMSIS/Device/ST/STM32F1xx/Include -I../Drivers/CMSIS/Include -O0 -ffunction-sections -fdata-sections -Wall -fstack-usage -MMD -MP -MF"Drivers/STM32F1xx_HAL_Driver/Src/stm32f1xx_hal.d" -MT"Drivers/STM32F1xx_HAL_Driver/Src/stm32f1xx_hal.o" --specs=nano.specs -mfloat-abi=soft -mthumb -o "Drivers/STM32F1xx_HAL_Driver/Src/stm32f1xx_hal.o"
arm-none-eabi-gcc "../Drivers/STM32F1xx_HAL_Driver/Src/stm32f1xx_hal_cortex.c" -mcpu=cortex-m3 -std=gnu11 -g3 -DDEBUG -DUSE_HAL_DRIVER -DSTM32F103xB -c -I../Core/Inc -I../Drivers/STM32F1xx_HAL_Driver/Inc -I../Drivers/STM32F1xx_HAL_Driver/Inc/Legacy -I../Drivers/CMSIS/Device/ST/STM32F1xx/Include -I../Drivers/CMSIS/Include -O0 -ffunction-sections -fdata-sections -Wall -fstack-usage -MMD -MP -MF"Drivers/STM32F1xx_HAL_Driver/Src/stm32f1xx_hal_cortex.d" -MT"Drivers/STM32F1xx_HAL_Driver/Src/stm32f1xx_hal_cortex.o" --specs=nano.specs -mfloat-abi=soft -mthumb -o "Drivers/STM32F1xx_HAL_Driver/Src/stm32f1xx_hal_cortex.o"
arm-none-eabi-gcc "../Drivers/STM32F1xx_HAL_Driver/Src/stm32f1xx_hal_dma.c" -mcpu=cortex-m3 -std=gnu11 -g3 -DDEBUG -DUSE_HAL_DRIVER -DSTM32F103xB -c -I../Core/Inc -I../Drivers/STM32F1xx_HAL_Driver/Inc -I../Drivers/STM32F1xx_HAL_Driver/Inc/Legacy -I../Drivers/CMSIS/Device/ST/STM32F1xx/Include -I../Drivers/CMSIS/Include -O0 -ffunction-sections -fdata-sections -Wall -fstack-usage -MMD -MP -MF"Drivers/STM32F1xx_HAL_Driver/Src/stm32f1xx_hal_dma.d" -MT"Drivers/STM32F1xx_HAL_Driver/Src/stm32f1xx_hal_dma.o" --specs=nano.specs -mfloat-abi=soft -mthumb -o "Drivers/STM32F1xx_HAL_Driver/Src/stm32f1xx_hal_dma.o"
arm-none-eabi-gcc "../Drivers/STM32F1xx_HAL_Driver/Src/stm32f1xx_hal_exti.c" -mcpu=cortex-m3 -std=gnu11 -g3 -DDEBUG -DUSE_HAL_DRIVER -DSTM32F103xB -c -I../Core/Inc -I../Drivers/STM32F1xx_HAL_Driver/Inc -I../Drivers/STM32F1xx_HAL_Driver/Inc/Legacy -I../Drivers/CMSIS/Device/ST/STM32F1xx/Include -I../Drivers/CMSIS/Include -O0 -ffunction-sections -fdata-sections -Wall -fstack-usage -MMD -MP -MF"Drivers/STM32F1xx_HAL_Driver/Src/stm32f1xx_hal_exti.d" -MT"Drivers/STM32F1xx_HAL_Driver/Src/stm32f1xx_hal_exti.o" --specs=nano.specs -mfloat-abi=soft -mthumb -o "Drivers/STM32F1xx_HAL_Driver/Src/stm32f1xx_hal_exti.o"
arm-none-eabi-gcc "../Drivers/STM32F1xx_HAL_Driver/Src/stm32f1xx_hal_flash.c" -mcpu=cortex-m3 -std=gnu11 -g3 -DDEBUG -DUSE_HAL_DRIVER -DSTM32F103xB -c -I../Core/Inc -I../Drivers/STM32F1xx_HAL_Driver/Inc -I../Drivers/STM32F1xx_HAL_Driver/Inc/Legacy -I../Drivers/CMSIS/Device/ST/STM32F1xx/Include -I../Drivers/CMSIS/Include -O0 -ffunction-sections -fdata-sections -Wall -fstack-usage -MMD -MP -MF"Drivers/STM32F1xx_HAL_Driver/Src/stm32f1xx_hal_flash.d" -MT"Drivers/STM32F1xx_HAL_Driver/Src/stm32f1xx_hal_flash.o" --specs=nano.specs -mfloat-abi=soft -mthumb -o "Drivers/STM32F1xx_HAL_Driver/Src/stm32f1xx_hal_flash.o"
arm-none-eabi-gcc "../Drivers/STM32F1xx_HAL_Driver/Src/stm32f1xx_hal_flash_ex.c" -mcpu=cortex-m3 -std=gnu11 -g3 -DDEBUG -DUSE_HAL_DRIVER -DSTM32F103xB -c -I../Core/Inc -I../Drivers/STM32F1xx_HAL_Driver/Inc -I../Drivers/STM32F1xx_HAL_Driver/Inc/Legacy -I../Drivers/CMSIS/Device/ST/STM32F1xx/Include -I../Drivers/CMSIS/Include -O0 -ffunction-sections -fdata-sections -Wall -fstack-usage -MMD -MP -MF"Drivers/STM32F1xx_HAL_Driver/Src/stm32f1xx_hal_flash_ex.d" -MT"Drivers/STM32F1xx_HAL_Driver/Src/stm32f1xx_hal_flash_ex.o" --specs=nano.specs -mfloat-abi=soft -mthumb -o "Drivers/STM32F1xx_HAL_Driver/Src/stm32f1xx_hal_flash_ex.o"
arm-none-eabi-gcc "../Drivers/STM32F1xx_HAL_Driver/Src/stm32f1xx_hal_gpio.c" -mcpu=cortex-m3 -std=gnu11 -g3 -DDEBUG -DUSE_HAL_DRIVER -DSTM32F103xB -c -I../Core/Inc -I../Drivers/STM32F1xx_HAL_Driver/Inc -I../Drivers/STM32F1xx_HAL_Driver/Inc/Legacy -I../Drivers/CMSIS/Device/ST/STM32F1xx/Include -I../Drivers/CMSIS/Include -O0 -ffunction-sections -fdata-sections -Wall -fstack-usage -MMD -MP -MF"Drivers/STM32F1xx_HAL_Driver/Src/stm32f1xx_hal_gpio.d" -MT"Drivers/STM32F1xx_HAL_Driver/Src/stm32f1xx_hal_gpio.o" --specs=nano.specs -mfloat-abi=soft -mthumb -o "Drivers/STM32F1xx_HAL_Driver/Src/stm32f1xx_hal_gpio.o"
arm-none-eabi-gcc "../Drivers/STM32F1xx_HAL_Driver/Src/stm32f1xx_hal_gpio_ex.c" -mcpu=cortex-m3 -std=gnu11 -g3 -DDEBUG -DUSE_HAL_DRIVER -DSTM32F103xB -c -I../Core/Inc -I../Drivers/STM32F1xx_HAL_Driver/Inc -I../Drivers/STM32F1xx_HAL_Driver/Inc/Legacy -I../Drivers/CMSIS/Device/ST/STM32F1xx/Include -I../Drivers/CMSIS/Include -O0 -ffunction-sections -fdata-sections -Wall -fstack-usage -MMD -MP -MF"Drivers/STM32F1xx_HAL_Driver/Src/stm32f1xx_hal_gpio_ex.d" -MT"Drivers/STM32F1xx_HAL_Driver/Src/stm32f1xx_hal_gpio_ex.o" --specs=nano.specs -mfloat-abi=soft -mthumb -o "Drivers/STM32F1xx_HAL_Driver/Src/stm32f1xx_hal_gpio_ex.o"
arm-none-eabi-gcc "../Drivers/STM32F1xx_HAL_Driver/Src/stm32f1xx_hal_pwr.c" -mcpu=cortex-m3 -std=gnu11 -g3 -DDEBUG -DUSE_HAL_DRIVER -DSTM32F103xB -c -I../Core/Inc -I../Drivers/STM32F1xx_HAL_Driver/Inc -I../Drivers/STM32F1xx_HAL_Driver/Inc/Legacy -I../Drivers/CMSIS/Device/ST/STM32F1xx/Include -I../Drivers/CMSIS/Include -O0 -ffunction-sections -fdata-sections -Wall -fstack-usage -MMD -MP -MF"Drivers/STM32F1xx_HAL_Driver/Src/stm32f1xx_hal_pwr.d" -MT"Drivers/STM32F1xx_HAL_Driver/Src/stm32f1xx_hal_pwr.o" --specs=nano.specs -mfloat-abi=soft -mthumb -o "Drivers/STM32F1xx_HAL_Driver/Src/stm32f1xx_hal_pwr.o"
arm-none-eabi-gcc "../Drivers/STM32F1xx_HAL_Driver/Src/stm32f1xx_hal_rcc.c" -mcpu=cortex-m3 -std=gnu11 -g3 -DDEBUG -DUSE_HAL_DRIVER -DSTM32F103xB -c -I../Core/Inc -I../Drivers/STM32F1xx_HAL_Driver/Inc -I../Drivers/STM32F1xx_HAL_Driver/Inc/Legacy -I../Drivers/CMSIS/Device/ST/STM32F1xx/Include -I../Drivers/CMSIS/Include -O0 -ffunction-sections -fdata-sections -Wall -fstack-usage -MMD -MP -MF"Drivers/STM32F1xx_HAL_Driver/Src/stm32f1xx_hal_rcc.d" -MT"Drivers/STM32F1xx_HAL_Driver/Src/stm32f1xx_hal_rcc.o" --specs=nano.specs -mfloat-abi=soft -mthumb -o "Drivers/STM32F1xx_HAL_Driver/Src/stm32f1xx_hal_rcc.o"
arm-none-eabi-gcc "../Drivers/STM32F1xx_HAL_Driver/Src/stm32f1xx_hal_rcc_ex.c" -mcpu=cortex-m3 -std=gnu11 -g3 -DDEBUG -DUSE_HAL_DRIVER -DSTM32F103xB -c -I../Core/Inc -I../Drivers/STM32F1xx_HAL_Driver/Inc -I../Drivers/STM32F1xx_HAL_Driver/Inc/Legacy -I../Drivers/CMSIS/Device/ST/STM32F1xx/Include -I../Drivers/CMSIS/Include -O0 -ffunction-sections -fdata-sections -Wall -fstack-usage -MMD -MP -MF"Drivers/STM32F1xx_HAL_Driver/Src/stm32f1xx_hal_rcc_ex.d" -MT"Drivers/STM32F1xx_HAL_Driver/Src/stm32f1xx_hal_rcc_ex.o" --specs=nano.specs -mfloat-abi=soft -mthumb -o "Drivers/STM32F1xx_HAL_Driver/Src/stm32f1xx_hal_rcc_ex.o"
arm-none-eabi-gcc "../Drivers/STM32F1xx_HAL_Driver/Src/stm32f1xx_hal_tim.c" -mcpu=cortex-m3 -std=gnu11 -g3 -DDEBUG -DUSE_HAL_DRIVER -DSTM32F103xB -c -I../Core/Inc -I../Drivers/STM32F1xx_HAL_Driver/Inc -I../Drivers/STM32F1xx_HAL_Driver/Inc/Legacy -I../Drivers/CMSIS/Device/ST/STM32F1xx/Include -I../Drivers/CMSIS/Include -O0 -ffunction-sections -fdata-sections -Wall -fstack-usage -MMD -MP -MF"Drivers/STM32F1xx_HAL_Driver/Src/stm32f1xx_hal_tim.d" -MT"Drivers/STM32F1xx_HAL_Driver/Src/stm32f1xx_hal_tim.o" --specs=nano.specs -mfloat-abi=soft -mthumb -o "Drivers/STM32F1xx_HAL_Driver/Src/stm32f1xx_hal_tim.o"
arm-none-eabi-gcc "../Drivers/STM32F1xx_HAL_Driver/Src/stm32f1xx_hal_tim_ex.c" -mcpu=cortex-m3 -std=gnu11 -g3 -DDEBUG -DUSE_HAL_DRIVER -DSTM32F103xB -c -I../Core/Inc -I../Drivers/STM32F1xx_HAL_Driver/Inc -I../Drivers/STM32F1xx_HAL_Driver/Inc/Legacy -I../Drivers/CMSIS/Device/ST/STM32F1xx/Include -I../Drivers/CMSIS/Include -O0 -ffunction-sections -fdata-sections -Wall -fstack-usage -MMD -MP -MF"Drivers/STM32F1xx_HAL_Driver/Src/stm32f1xx_hal_tim_ex.d" -MT"Drivers/STM32F1xx_HAL_Driver/Src/stm32f1xx_hal_tim_ex.o" --specs=nano.specs -mfloat-abi=soft -mthumb -o "Drivers/STM32F1xx_HAL_Driver/Src/stm32f1xx_hal_tim_ex.o"
arm-none-eabi-gcc -mcpu=cortex-m3 -g3 -DDEBUG -c -x assembler-with-cpp -MMD -MP -MF"Core/Startup/startup_stm32f103c8tx.d" -MT"Core/Startup/startup_stm32f103c8tx.o" --specs=nano.specs -mfloat-abi=soft -mthumb -o "Core/Startup/startup_stm32f103c8tx.o" "../Core/Startup/startup_stm32f103c8tx.s"
arm-none-eabi-gcc "../Core/Src/main.c" -mcpu=cortex-m3 -std=gnu11 -g3 -DDEBUG -DUSE_HAL_DRIVER -DSTM32F103xB -c -I../Core/Inc -I../Drivers/STM32F1xx_HAL_Driver/Inc -I../Drivers/STM32F1xx_HAL_Driver/Inc/Legacy -I../Drivers/CMSIS/Device/ST/STM32F1xx/Include -I../Drivers/CMSIS/Include -O0 -ffunction-sections -fdata-sections -Wall -fstack-usage -MMD -MP -MF"Core/Src/main.d" -MT"Core/Src/main.o" --specs=nano.specs -mfloat-abi=soft -mthumb -o "Core/Src/main.o"
arm-none-eabi-gcc "../Core/Src/stm32f1xx_hal_msp.c" -mcpu=cortex-m3 -std=gnu11 -g3 -DDEBUG -DUSE_HAL_DRIVER -DSTM32F103xB -c -I../Core/Inc -I../Drivers/STM32F1xx_HAL_Driver/Inc -I../Drivers/STM32F1xx_HAL_Driver/Inc/Legacy -I../Drivers/CMSIS/Device/ST/STM32F1xx/Include -I../Drivers/CMSIS/Include -O0 -ffunction-sections -fdata-sections -Wall -fstack-usage -MMD -MP -MF"Core/Src/stm32f1xx_hal_msp.d" -MT"Core/Src/stm32f1xx_hal_msp.o" --specs=nano.specs -mfloat-abi=soft -mthumb -o "Core/Src/stm32f1xx_hal_msp.o"
arm-none-eabi-gcc "../Core/Src/stm32f1xx_it.c" -mcpu=cortex-m3 -std=gnu11 -g3 -DDEBUG -DUSE_HAL_DRIVER -DSTM32F103xB -c -I../Core/Inc -I../Drivers/STM32F1xx_HAL_Driver/Inc -I../Drivers/STM32F1xx_HAL_Driver/Inc/Legacy -I../Drivers/CMSIS/Device/ST/STM32F1xx/Include -I../Drivers/CMSIS/Include -O0 -ffunction-sections -fdata-sections -Wall -fstack-usage -MMD -MP -MF"Core/Src/stm32f1xx_it.d" -MT"Core/Src/stm32f1xx_it.o" --specs=nano.specs -mfloat-abi=soft -mthumb -o "Core/Src/stm32f1xx_it.o"
arm-none-eabi-gcc "../Core/Src/syscalls.c" -mcpu=cortex-m3 -std=gnu11 -g3 -DDEBUG -DUSE_HAL_DRIVER -DSTM32F103xB -c -I../Core/Inc -I../Drivers/STM32F1xx_HAL_Driver/Inc -I../Drivers/STM32F1xx_HAL_Driver/Inc/Legacy -I../Drivers/CMSIS/Device/ST/STM32F1xx/Include -I../Drivers/CMSIS/Include -O0 -ffunction-sections -fdata-sections -Wall -fstack-usage -MMD -MP -MF"Core/Src/syscalls.d" -MT"Core/Src/syscalls.o" --specs=nano.specs -mfloat-abi=soft -mthumb -o "Core/Src/syscalls.o"
arm-none-eabi-gcc "../Core/Src/sysmem.c" -mcpu=cortex-m3 -std=gnu11 -g3 -DDEBUG -DUSE_HAL_DRIVER -DSTM32F103xB -c -I../Core/Inc -I../Drivers/STM32F1xx_HAL_Driver/Inc -I../Drivers/STM32F1xx_HAL_Driver/Inc/Legacy -I../Drivers/CMSIS/Device/ST/STM32F1xx/Include -I../Drivers/CMSIS/Include -O0 -ffunction-sections -fdata-sections -Wall -fstack-usage -MMD -MP -MF"Core/Src/sysmem.d" -MT"Core/Src/sysmem.o" --specs=nano.specs -mfloat-abi=soft -mthumb -o "Core/Src/sysmem.o"
arm-none-eabi-gcc "../Core/Src/system_stm32f1xx.c" -mcpu=cortex-m3 -std=gnu11 -g3 -DDEBUG -DUSE_HAL_DRIVER -DSTM32F103xB -c -I../Core/Inc -I../Drivers/STM32F1xx_HAL_Driver/Inc -I../Drivers/STM32F1xx_HAL_Driver/Inc/Legacy -I../Drivers/CMSIS/Device/ST/STM32F1xx/Include -I../Drivers/CMSIS/Include -O0 -ffunction-sections -fdata-sections -Wall -fstack-usage -MMD -MP -MF"Core/Src/system_stm32f1xx.d" -MT"Core/Src/system_stm32f1xx.o" --specs=nano.specs -mfloat-abi=soft -mthumb -o "Core/Src/system_stm32f1xx.o"
arm-none-eabi-gcc -o "led_blink.elf" @"objects.list"   -mcpu=cortex-m3 -T"C:\Users\acer\OneDrive\Desktop\STM32F103\Projects\GPIO_LED_BLINK\led_blink\STM32F103C8TX_FLASH.ld" --specs=nosys.specs -Wl,-Map="led_blink.map" -Wl,--gc-sections -static --specs=nano.specs -mfloat-abi=soft -mthumb -Wl,--start-group -lc -lm -Wl,--end-group
Finished building target: led_blink.elf
 
arm-none-eabi-size   led_blink.elf 
arm-none-eabi-objdump -h -S  led_blink.elf  > "led_blink.list"
   text	   data	    bss	    dec	    hex	filename
   4656	     20	   1572	   6248	   1868	led_blink.elf
Finished building: default.size.stdout
 
Finished building: led_blink.list
 
01:33:56 **** Incremental Build of configuration Debug for project led_blink ****
make -j8 all 
arm-none-eabi-size   led_blink.elf 
   text	   data	    bss	    dec	    hex	filename
   4656	     20	   1572	   6248	   1868	led_blink.elf
Finished building: default.size.stdout
 
01:44:14 **** Incremental Build of configuration Debug for project led_blink ****
make -j8 all 
arm-none-eabi-gcc "../Core/Src/main.c" -mcpu=cortex-m3 -std=gnu11 -g3 -DDEBUG -DUSE_HAL_DRIVER -DSTM32F103xB -c -I../Core/Inc -I../Drivers/STM32F1xx_HAL_Driver/Inc -I../Drivers/STM32F1xx_HAL_Driver/Inc/Legacy -I../Drivers/CMSIS/Device/ST/STM32F1xx/Include -I../Drivers/CMSIS/Include -O0 -ffunction-sections -fdata-sections -Wall -fstack-usage -MMD -MP -MF"Core/Src/main.d" -MT"Core/Src/main.o" --specs=nano.specs -mfloat-abi=soft -mthumb -o "Core/Src/main.o"
arm-none-eabi-gcc -o "led_blink.elf" @"objects.list"   -mcpu=cortex-m3 -T"C:\Users\acer\OneDrive\Desktop\STM32F103\Projects\GPIO_LED_BLINK\led_blink\STM32F103C8TX_FLASH.ld" --specs=nosys.specs -Wl,-Map="led_blink.map" -Wl,--gc-sections -static --specs=nano.specs -mfloat-abi=soft -mthumb -Wl,--start-group -lc -lm -Wl,--end-group
Finished building target: led_blink.elf
 
arm-none-eabi-size   led_blink.elf 
arm-none-eabi-objdump -h -S  led_blink.elf  > "led_blink.list"
   text	   data	    bss	    dec	    hex	filename
   4616	     20	   1572	   6208	   1840	led_blink.elf
Finished building: default.size.stdout
 
Finished building: led_blink.list
 
01:44:22 **** Incremental Build of configuration Debug for project led_blink ****
make -j8 all 
arm-none-eabi-size   led_blink.elf 
   text	   data	    bss	    dec	    hex	filename
   4616	     20	   1572	   6208	   1840	led_blink.elf
Finished building: default.size.stdout
 
01:46:51 **** Incremental Build of configuration Debug for project led_blink ****
make -j8 all 
arm-none-eabi-gcc "../Core/Src/main.c" -mcpu=cortex-m3 -std=gnu11 -g3 -DDEBUG -DUSE_HAL_DRIVER -DSTM32F103xB -c -I../Core/Inc -I../Drivers/STM32F1xx_HAL_Driver/Inc -I../Drivers/STM32F1xx_HAL_Driver/Inc/Legacy -I../Drivers/CMSIS/Device/ST/STM32F1xx/Include -I../Drivers/CMSIS/Include -O0 -ffunction-sections -fdata-sections -Wall -fstack-usage -MMD -MP -MF"Core/Src/main.d" -MT"Core/Src/main.o" --specs=nano.specs -mfloat-abi=soft -mthumb -o "Core/Src/main.o"
../Core/Src/main.c: In function 'main':
../Core/Src/main.c:104:28: error: 'start2' undeclared (first use in this function); did you mean 'start1'?
  104 |    while ((HAL_GetTick() - start2) < (100+(uint32_t)(uwTickFreq)))
      |                            ^~~~~~
      |                            start1
../Core/Src/main.c:104:28: note: each undeclared identifier is reported only once for each function it appears in
../Core/Src/main.c:103:13: warning: unused variable 'start1' [-Wunused-variable]
  103 |    uint32_t start1 = HAL_GetTick();
      |             ^~~~~~
make: *** [Core/Src/subdir.mk:34: Core/Src/main.o] Error 1
"make -j8 all" terminated with exit code 2. Build might be incomplete.
01:47:16 **** Incremental Build of configuration Debug for project led_blink ****
make -j8 all 
arm-none-eabi-gcc "../Core/Src/main.c" -mcpu=cortex-m3 -std=gnu11 -g3 -DDEBUG -DUSE_HAL_DRIVER -DSTM32F103xB -c -I../Core/Inc -I../Drivers/STM32F1xx_HAL_Driver/Inc -I../Drivers/STM32F1xx_HAL_Driver/Inc/Legacy -I../Drivers/CMSIS/Device/ST/STM32F1xx/Include -I../Drivers/CMSIS/Include -O0 -ffunction-sections -fdata-sections -Wall -fstack-usage -MMD -MP -MF"Core/Src/main.d" -MT"Core/Src/main.o" --specs=nano.specs -mfloat-abi=soft -mthumb -o "Core/Src/main.o"
arm-none-eabi-gcc -o "led_blink.elf" @"objects.list"   -mcpu=cortex-m3 -T"C:\Users\acer\OneDrive\Desktop\STM32F103\Projects\GPIO_LED_BLINK\led_blink\STM32F103C8TX_FLASH.ld" --specs=nosys.specs -Wl,-Map="led_blink.map" -Wl,--gc-sections -static --specs=nano.specs -mfloat-abi=soft -mthumb -Wl,--start-group -lc -lm -Wl,--end-group
Finished building target: led_blink.elf
 
arm-none-eabi-size   led_blink.elf 
arm-none-eabi-objdump -h -S  led_blink.elf  > "led_blink.list"
   text	   data	    bss	    dec	    hex	filename
   4632	     20	   1572	   6224	   1850	led_blink.elf
Finished building: default.size.stdout
 
Finished building: led_blink.list
 
01:47:25 **** Incremental Build of configuration Debug for project led_blink ****
make -j8 all 
arm-none-eabi-size   led_blink.elf 
   text	   data	    bss	    dec	    hex	filename
   4632	     20	   1572	   6224	   1850	led_blink.elf
Finished building: default.size.stdout
 
02:01:32 **** Incremental Build of configuration Debug for project led_blink ****
make -j8 all 
arm-none-eabi-gcc "../Core/Src/main.c" -mcpu=cortex-m3 -std=gnu11 -g3 -DDEBUG -DUSE_HAL_DRIVER -DSTM32F103xB -c -I../Core/Inc -I../Drivers/STM32F1xx_HAL_Driver/Inc -I../Drivers/STM32F1xx_HAL_Driver/Inc/Legacy -I../Drivers/CMSIS/Device/ST/STM32F1xx/Include -I../Drivers/CMSIS/Include -O0 -ffunction-sections -fdata-sections -Wall -fstack-usage -MMD -MP -MF"Core/Src/main.d" -MT"Core/Src/main.o" --specs=nano.specs -mfloat-abi=soft -mthumb -o "Core/Src/main.o"
arm-none-eabi-gcc -o "led_blink.elf" @"objects.list"   -mcpu=cortex-m3 -T"C:\Users\acer\OneDrive\Desktop\STM32F103\Projects\GPIO_LED_BLINK\led_blink\STM32F103C8TX_FLASH.ld" --specs=nosys.specs -Wl,-Map="led_blink.map" -Wl,--gc-sections -static --specs=nano.specs -mfloat-abi=soft -mthumb -Wl,--start-group -lc -lm -Wl,--end-group
Finished building target: led_blink.elf
 
arm-none-eabi-size   led_blink.elf 
arm-none-eabi-objdump -h -S  led_blink.elf  > "led_blink.list"
   text	   data	    bss	    dec	    hex	filename
   4656	     20	   1572	   6248	   1868	led_blink.elf
Finished building: default.size.stdout
 
Finished building: led_blink.list
 
02:01:39 **** Incremental Build of configuration Debug for project led_blink ****
make -j8 all 
arm-none-eabi-size   led_blink.elf 
   text	   data	    bss	    dec	    hex	filename
   4656	     20	   1572	   6248	   1868	led_blink.elf
Finished building: default.size.stdout
 
02:02:57 **** Incremental Build of configuration Debug for project led_blink ****
make -j8 all 
arm-none-eabi-gcc "../Core/Src/main.c" -mcpu=cortex-m3 -std=gnu11 -g3 -DDEBUG -DUSE_HAL_DRIVER -DSTM32F103xB -c -I../Core/Inc -I../Drivers/STM32F1xx_HAL_Driver/Inc -I../Drivers/STM32F1xx_HAL_Driver/Inc/Legacy -I../Drivers/CMSIS/Device/ST/STM32F1xx/Include -I../Drivers/CMSIS/Include -O0 -ffunction-sections -fdata-sections -Wall -fstack-usage -MMD -MP -MF"Core/Src/main.d" -MT"Core/Src/main.o" --specs=nano.specs -mfloat-abi=soft -mthumb -o "Core/Src/main.o"
arm-none-eabi-gcc -o "led_blink.elf" @"objects.list"   -mcpu=cortex-m3 -T"C:\Users\acer\OneDrive\Desktop\STM32F103\Projects\GPIO_LED_BLINK\led_blink\STM32F103C8TX_FLASH.ld" --specs=nosys.specs -Wl,-Map="led_blink.map" -Wl,--gc-sections -static --specs=nano.specs -mfloat-abi=soft -mthumb -Wl,--start-group -lc -lm -Wl,--end-group
Finished building target: led_blink.elf
 
arm-none-eabi-size   led_blink.elf 
arm-none-eabi-objdump -h -S  led_blink.elf  > "led_blink.list"
   text	   data	    bss	    dec	    hex	filename
   4656	     20	   1572	   6248	   1868	led_blink.elf
Finished building: default.size.stdout
 
Finished building: led_blink.list
 
02:03:02 **** Incremental Build of configuration Debug for project led_blink ****
make -j8 all 
arm-none-eabi-size   led_blink.elf 
   text	   data	    bss	    dec	    hex	filename
   4656	     20	   1572	   6248	   1868	led_blink.elf
Finished building: default.size.stdout
 
02:03:31 **** Incremental Build of configuration Debug for project led_blink ****
make -j8 all 
arm-none-eabi-gcc "../Core/Src/main.c" -mcpu=cortex-m3 -std=gnu11 -g3 -DDEBUG -DUSE_HAL_DRIVER -DSTM32F103xB -c -I../Core/Inc -I../Drivers/STM32F1xx_HAL_Driver/Inc -I../Drivers/STM32F1xx_HAL_Driver/Inc/Legacy -I../Drivers/CMSIS/Device/ST/STM32F1xx/Include -I../Drivers/CMSIS/Include -O0 -ffunction-sections -fdata-sections -Wall -fstack-usage -MMD -MP -MF"Core/Src/main.d" -MT"Core/Src/main.o" --specs=nano.specs -mfloat-abi=soft -mthumb -o "Core/Src/main.o"
arm-none-eabi-gcc -o "led_blink.elf" @"objects.list"   -mcpu=cortex-m3 -T"C:\Users\acer\OneDrive\Desktop\STM32F103\Projects\GPIO_LED_BLINK\led_blink\STM32F103C8TX_FLASH.ld" --specs=nosys.specs -Wl,-Map="led_blink.map" -Wl,--gc-sections -static --specs=nano.specs -mfloat-abi=soft -mthumb -Wl,--start-group -lc -lm -Wl,--end-group
Finished building target: led_blink.elf
 
arm-none-eabi-size   led_blink.elf 
arm-none-eabi-objdump -h -S  led_blink.elf  > "led_blink.list"
   text	   data	    bss	    dec	    hex	filename
   4656	     20	   1572	   6248	   1868	led_blink.elf
Finished building: default.size.stdout
 
Finished building: led_blink.list
 
02:03:39 **** Incremental Build of configuration Debug for project led_blink ****
make -j8 all 
arm-none-eabi-size   led_blink.elf 
   text	   data	    bss	    dec	    hex	filename
   4656	     20	   1572	   6248	   1868	led_blink.elf
Finished building: default.size.stdout
 
02:04:46 **** Incremental Build of configuration Debug for project led_blink ****
make -j8 all 
arm-none-eabi-size   led_blink.elf 
   text	   data	    bss	    dec	    hex	filename
   4656	     20	   1572	   6248	   1868	led_blink.elf
Finished building: default.size.stdout
 
02:04:54 **** Incremental Build of configuration Debug for project led_blink ****
make -j8 all 
arm-none-eabi-size   led_blink.elf 
   text	   data	    bss	    dec	    hex	filename
   4656	     20	   1572	   6248	   1868	led_blink.elf
Finished building: default.size.stdout
 
02:08:51 **** Incremental Build of configuration Debug for project led_blink ****
make -j8 all 
arm-none-eabi-gcc "../Core/Src/main.c" -mcpu=cortex-m3 -std=gnu11 -g3 -DDEBUG -DUSE_HAL_DRIVER -DSTM32F103xB -c -I../Core/Inc -I../Drivers/STM32F1xx_HAL_Driver/Inc -I../Drivers/STM32F1xx_HAL_Driver/Inc/Legacy -I../Drivers/CMSIS/Device/ST/STM32F1xx/Include -I../Drivers/CMSIS/Include -O0 -ffunction-sections -fdata-sections -Wall -fstack-usage -MMD -MP -MF"Core/Src/main.d" -MT"Core/Src/main.o" --specs=nano.specs -mfloat-abi=soft -mthumb -o "Core/Src/main.o"
arm-none-eabi-gcc -o "led_blink.elf" @"objects.list"   -mcpu=cortex-m3 -T"C:\Users\acer\OneDrive\Desktop\STM32F103\Projects\GPIO_LED_BLINK\led_blink\STM32F103C8TX_FLASH.ld" --specs=nosys.specs -Wl,-Map="led_blink.map" -Wl,--gc-sections -static --specs=nano.specs -mfloat-abi=soft -mthumb -Wl,--start-group -lc -lm -Wl,--end-group
Finished building target: led_blink.elf
 
arm-none-eabi-size   led_blink.elf 
arm-none-eabi-objdump -h -S  led_blink.elf  > "led_blink.list"
   text	   data	    bss	    dec	    hex	filename
   4656	     20	   1572	   6248	   1868	led_blink.elf
Finished building: default.size.stdout
 
Finished building: led_blink.list
 
02:08:56 **** Incremental Build of configuration Debug for project led_blink ****
make -j8 all 
arm-none-eabi-size   led_blink.elf 
   text	   data	    bss	    dec	    hex	filename
   4656	     20	   1572	   6248	   1868	led_blink.elf
Finished building: default.size.stdout
 
02:10:27 **** Incremental Build of configuration Debug for project led_blink ****
make -j8 all 
arm-none-eabi-gcc "../Core/Src/main.c" -mcpu=cortex-m3 -std=gnu11 -g3 -DDEBUG -DUSE_HAL_DRIVER -DSTM32F103xB -c -I../Core/Inc -I../Drivers/STM32F1xx_HAL_Driver/Inc -I../Drivers/STM32F1xx_HAL_Driver/Inc/Legacy -I../Drivers/CMSIS/Device/ST/STM32F1xx/Include -I../Drivers/CMSIS/Include -O0 -ffunction-sections -fdata-sections -Wall -fstack-usage -MMD -MP -MF"Core/Src/main.d" -MT"Core/Src/main.o" --specs=nano.specs -mfloat-abi=soft -mthumb -o "Core/Src/main.o"
arm-none-eabi-gcc -o "led_blink.elf" @"objects.list"   -mcpu=cortex-m3 -T"C:\Users\acer\OneDrive\Desktop\STM32F103\Projects\GPIO_LED_BLINK\led_blink\STM32F103C8TX_FLASH.ld" --specs=nosys.specs -Wl,-Map="led_blink.map" -Wl,--gc-sections -static --specs=nano.specs -mfloat-abi=soft -mthumb -Wl,--start-group -lc -lm -Wl,--end-group
Finished building target: led_blink.elf
 
arm-none-eabi-size   led_blink.elf 
arm-none-eabi-objdump -h -S  led_blink.elf  > "led_blink.list"
   text	   data	    bss	    dec	    hex	filename
   4656	     20	   1572	   6248	   1868	led_blink.elf
Finished building: default.size.stdout
 
Finished building: led_blink.list
 
02:10:31 **** Incremental Build of configuration Debug for project led_blink ****
make -j8 all 
arm-none-eabi-size   led_blink.elf 
   text	   data	    bss	    dec	    hex	filename
   4656	     20	   1572	   6248	   1868	led_blink.elf
Finished building: default.size.stdout
 
02:12:27 **** Incremental Build of configuration Debug for project led_blink ****
make -j8 all 
arm-none-eabi-gcc "../Core/Src/main.c" -mcpu=cortex-m3 -std=gnu11 -g3 -DDEBUG -DUSE_HAL_DRIVER -DSTM32F103xB -c -I../Core/Inc -I../Drivers/STM32F1xx_HAL_Driver/Inc -I../Drivers/STM32F1xx_HAL_Driver/Inc/Legacy -I../Drivers/CMSIS/Device/ST/STM32F1xx/Include -I../Drivers/CMSIS/Include -O0 -ffunction-sections -fdata-sections -Wall -fstack-usage -MMD -MP -MF"Core/Src/main.d" -MT"Core/Src/main.o" --specs=nano.specs -mfloat-abi=soft -mthumb -o "Core/Src/main.o"
arm-none-eabi-gcc -o "led_blink.elf" @"objects.list"   -mcpu=cortex-m3 -T"C:\Users\acer\OneDrive\Desktop\STM32F103\Projects\GPIO_LED_BLINK\led_blink\STM32F103C8TX_FLASH.ld" --specs=nosys.specs -Wl,-Map="led_blink.map" -Wl,--gc-sections -static --specs=nano.specs -mfloat-abi=soft -mthumb -Wl,--start-group -lc -lm -Wl,--end-group
Finished building target: led_blink.elf
 
arm-none-eabi-size   led_blink.elf 
arm-none-eabi-objdump -h -S  led_blink.elf  > "led_blink.list"
   text	   data	    bss	    dec	    hex	filename
   4656	     20	   1572	   6248	   1868	led_blink.elf
Finished building: default.size.stdout
 
Finished building: led_blink.list
 
02:12:34 **** Incremental Build of configuration Debug for project led_blink ****
make -j8 all 
arm-none-eabi-size   led_blink.elf 
   text	   data	    bss	    dec	    hex	filename
   4656	     20	   1572	   6248	   1868	led_blink.elf
Finished building: default.size.stdout
 
02:15:03 **** Incremental Build of configuration Debug for project led_blink ****
make -j8 all 
arm-none-eabi-gcc "../Core/Src/main.c" -mcpu=cortex-m3 -std=gnu11 -g3 -DDEBUG -DUSE_HAL_DRIVER -DSTM32F103xB -c -I../Core/Inc -I../Drivers/STM32F1xx_HAL_Driver/Inc -I../Drivers/STM32F1xx_HAL_Driver/Inc/Legacy -I../Drivers/CMSIS/Device/ST/STM32F1xx/Include -I../Drivers/CMSIS/Include -O0 -ffunction-sections -fdata-sections -Wall -fstack-usage -MMD -MP -MF"Core/Src/main.d" -MT"Core/Src/main.o" --specs=nano.specs -mfloat-abi=soft -mthumb -o "Core/Src/main.o"
arm-none-eabi-gcc -o "led_blink.elf" @"objects.list"   -mcpu=cortex-m3 -T"C:\Users\acer\OneDrive\Desktop\STM32F103\Projects\GPIO_LED_BLINK\led_blink\STM32F103C8TX_FLASH.ld" --specs=nosys.specs -Wl,-Map="led_blink.map" -Wl,--gc-sections -static --specs=nano.specs -mfloat-abi=soft -mthumb -Wl,--start-group -lc -lm -Wl,--end-group
Finished building target: led_blink.elf
 
arm-none-eabi-size   led_blink.elf 
arm-none-eabi-objdump -h -S  led_blink.elf  > "led_blink.list"
   text	   data	    bss	    dec	    hex	filename
   4656	     20	   1572	   6248	   1868	led_blink.elf
Finished building: default.size.stdout
 
Finished building: led_blink.list
 
02:15:09 **** Incremental Build of configuration Debug for project led_blink ****
make -j8 all 
arm-none-eabi-size   led_blink.elf 
   text	   data	    bss	    dec	    hex	filename
   4656	     20	   1572	   6248	   1868	led_blink.elf
Finished building: default.size.stdout
 
02:16:00 **** Incremental Build of configuration Debug for project led_blink ****
make -j8 all 
arm-none-eabi-gcc "../Core/Src/main.c" -mcpu=cortex-m3 -std=gnu11 -g3 -DDEBUG -DUSE_HAL_DRIVER -DSTM32F103xB -c -I../Core/Inc -I../Drivers/STM32F1xx_HAL_Driver/Inc -I../Drivers/STM32F1xx_HAL_Driver/Inc/Legacy -I../Drivers/CMSIS/Device/ST/STM32F1xx/Include -I../Drivers/CMSIS/Include -O0 -ffunction-sections -fdata-sections -Wall -fstack-usage -MMD -MP -MF"Core/Src/main.d" -MT"Core/Src/main.o" --specs=nano.specs -mfloat-abi=soft -mthumb -o "Core/Src/main.o"
arm-none-eabi-gcc -o "led_blink.elf" @"objects.list"   -mcpu=cortex-m3 -T"C:\Users\acer\OneDrive\Desktop\STM32F103\Projects\GPIO_LED_BLINK\led_blink\STM32F103C8TX_FLASH.ld" --specs=nosys.specs -Wl,-Map="led_blink.map" -Wl,--gc-sections -static --specs=nano.specs -mfloat-abi=soft -mthumb -Wl,--start-group -lc -lm -Wl,--end-group
Finished building target: led_blink.elf
 
arm-none-eabi-size   led_blink.elf 
arm-none-eabi-objdump -h -S  led_blink.elf  > "led_blink.list"
   text	   data	    bss	    dec	    hex	filename
   4656	     20	   1572	   6248	   1868	led_blink.elf
Finished building: default.size.stdout
 
Finished building: led_blink.list
 
02:16:07 **** Incremental Build of configuration Debug for project led_blink ****
make -j8 all 
arm-none-eabi-size   led_blink.elf 
   text	   data	    bss	    dec	    hex	filename
   4656	     20	   1572	   6248	   1868	led_blink.elf
Finished building: default.size.stdout
 
02:16:30 **** Incremental Build of configuration Debug for project led_blink ****
make -j8 all 
arm-none-eabi-gcc "../Core/Src/main.c" -mcpu=cortex-m3 -std=gnu11 -g3 -DDEBUG -DUSE_HAL_DRIVER -DSTM32F103xB -c -I../Core/Inc -I../Drivers/STM32F1xx_HAL_Driver/Inc -I../Drivers/STM32F1xx_HAL_Driver/Inc/Legacy -I../Drivers/CMSIS/Device/ST/STM32F1xx/Include -I../Drivers/CMSIS/Include -O0 -ffunction-sections -fdata-sections -Wall -fstack-usage -MMD -MP -MF"Core/Src/main.d" -MT"Core/Src/main.o" --specs=nano.specs -mfloat-abi=soft -mthumb -o "Core/Src/main.o"
arm-none-eabi-gcc -o "led_blink.elf" @"objects.list"   -mcpu=cortex-m3 -T"C:\Users\acer\OneDrive\Desktop\STM32F103\Projects\GPIO_LED_BLINK\led_blink\STM32F103C8TX_FLASH.ld" --specs=nosys.specs -Wl,-Map="led_blink.map" -Wl,--gc-sections -static --specs=nano.specs -mfloat-abi=soft -mthumb -Wl,--start-group -lc -lm -Wl,--end-group
Finished building target: led_blink.elf
 
arm-none-eabi-size   led_blink.elf 
arm-none-eabi-objdump -h -S  led_blink.elf  > "led_blink.list"
   text	   data	    bss	    dec	    hex	filename
   4656	     20	   1572	   6248	   1868	led_blink.elf
Finished building: default.size.stdout
 
Finished building: led_blink.list
 
02:16:58 **** Incremental Build of configuration Debug for project led_blink ****
make -j8 all 
arm-none-eabi-size   led_blink.elf 
   text	   data	    bss	    dec	    hex	filename
   4656	     20	   1572	   6248	   1868	led_blink.elf
Finished building: default.size.stdout
 
02:17:36 **** Incremental Build of configuration Debug for project led_blink ****
make -j8 all 
arm-none-eabi-gcc "../Core/Src/main.c" -mcpu=cortex-m3 -std=gnu11 -g3 -DDEBUG -DUSE_HAL_DRIVER -DSTM32F103xB -c -I../Core/Inc -I../Drivers/STM32F1xx_HAL_Driver/Inc -I../Drivers/STM32F1xx_HAL_Driver/Inc/Legacy -I../Drivers/CMSIS/Device/ST/STM32F1xx/Include -I../Drivers/CMSIS/Include -O0 -ffunction-sections -fdata-sections -Wall -fstack-usage -MMD -MP -MF"Core/Src/main.d" -MT"Core/Src/main.o" --specs=nano.specs -mfloat-abi=soft -mthumb -o "Core/Src/main.o"
arm-none-eabi-gcc -o "led_blink.elf" @"objects.list"   -mcpu=cortex-m3 -T"C:\Users\acer\OneDrive\Desktop\STM32F103\Projects\GPIO_LED_BLINK\led_blink\STM32F103C8TX_FLASH.ld" --specs=nosys.specs -Wl,-Map="led_blink.map" -Wl,--gc-sections -static --specs=nano.specs -mfloat-abi=soft -mthumb -Wl,--start-group -lc -lm -Wl,--end-group
Finished building target: led_blink.elf
 
arm-none-eabi-size   led_blink.elf 
arm-none-eabi-objdump -h -S  led_blink.elf  > "led_blink.list"
   text	   data	    bss	    dec	    hex	filename
   4656	     20	   1572	   6248	   1868	led_blink.elf
Finished building: default.size.stdout
 
Finished building: led_blink.list
 
02:17:58 **** Incremental Build of configuration Debug for project led_blink ****
make -j8 all 
arm-none-eabi-gcc "../Core/Src/main.c" -mcpu=cortex-m3 -std=gnu11 -g3 -DDEBUG -DUSE_HAL_DRIVER -DSTM32F103xB -c -I../Core/Inc -I../Drivers/STM32F1xx_HAL_Driver/Inc -I../Drivers/STM32F1xx_HAL_Driver/Inc/Legacy -I../Drivers/CMSIS/Device/ST/STM32F1xx/Include -I../Drivers/CMSIS/Include -O0 -ffunction-sections -fdata-sections -Wall -fstack-usage -MMD -MP -MF"Core/Src/main.d" -MT"Core/Src/main.o" --specs=nano.specs -mfloat-abi=soft -mthumb -o "Core/Src/main.o"
arm-none-eabi-gcc -o "led_blink.elf" @"objects.list"   -mcpu=cortex-m3 -T"C:\Users\acer\OneDrive\Desktop\STM32F103\Projects\GPIO_LED_BLINK\led_blink\STM32F103C8TX_FLASH.ld" --specs=nosys.specs -Wl,-Map="led_blink.map" -Wl,--gc-sections -static --specs=nano.specs -mfloat-abi=soft -mthumb -Wl,--start-group -lc -lm -Wl,--end-group
Finished building target: led_blink.elf
 
arm-none-eabi-size   led_blink.elf 
arm-none-eabi-objdump -h -S  led_blink.elf  > "led_blink.list"
   text	   data	    bss	    dec	    hex	filename
   4656	     20	   1572	   6248	   1868	led_blink.elf
Finished building: default.size.stdout
 
Finished building: led_blink.list
 
02:18:04 **** Incremental Build of configuration Debug for project led_blink ****
make -j8 all 
arm-none-eabi-size   led_blink.elf 
   text	   data	    bss	    dec	    hex	filename
   4656	     20	   1572	   6248	   1868	led_blink.elf
Finished building: default.size.stdout
 
03:02:53 **** Incremental Build of configuration Debug for project led_blink ****
make -j8 all 
arm-none-eabi-gcc "../Core/Src/main.c" -mcpu=cortex-m3 -std=gnu11 -g3 -DDEBUG -DUSE_HAL_DRIVER -DSTM32F103xB -c -I../Core/Inc -I../Drivers/STM32F1xx_HAL_Driver/Inc -I../Drivers/STM32F1xx_HAL_Driver/Inc/Legacy -I../Drivers/CMSIS/Device/ST/STM32F1xx/Include -I../Drivers/CMSIS/Include -O0 -ffunction-sections -fdata-sections -Wall -fstack-usage -MMD -MP -MF"Core/Src/main.d" -MT"Core/Src/main.o" --specs=nano.specs -mfloat-abi=soft -mthumb -o "Core/Src/main.o"
arm-none-eabi-gcc -o "led_blink.elf" @"objects.list"   -mcpu=cortex-m3 -T"C:\Users\acer\OneDrive\Desktop\STM32F103\Projects\GPIO_LED_BLINK\led_blink\STM32F103C8TX_FLASH.ld" --specs=nosys.specs -Wl,-Map="led_blink.map" -Wl,--gc-sections -static --specs=nano.specs -mfloat-abi=soft -mthumb -Wl,--start-group -lc -lm -Wl,--end-group
Finished building target: led_blink.elf
 
arm-none-eabi-size   led_blink.elf 
arm-none-eabi-objdump -h -S  led_blink.elf  > "led_blink.list"
   text	   data	    bss	    dec	    hex	filename
   2372	     20	   1572	   3964	    f7c	led_blink.elf
Finished building: default.size.stdout
 
Finished building: led_blink.list
 
03:02:58 **** Incremental Build of configuration Debug for project led_blink ****
make -j8 all 
arm-none-eabi-size   led_blink.elf 
   text	   data	    bss	    dec	    hex	filename
   2372	     20	   1572	   3964	    f7c	led_blink.elf
Finished building: default.size.stdout
 
03:18:25 **** Incremental Build of configuration Debug for project led_blink ****
make -j8 all 
arm-none-eabi-gcc "../Core/Src/main.c" -mcpu=cortex-m3 -std=gnu11 -g3 -DDEBUG -DUSE_HAL_DRIVER -DSTM32F103xB -c -I../Core/Inc -I../Drivers/STM32F1xx_HAL_Driver/Inc -I../Drivers/STM32F1xx_HAL_Driver/Inc/Legacy -I../Drivers/CMSIS/Device/ST/STM32F1xx/Include -I../Drivers/CMSIS/Include -O0 -ffunction-sections -fdata-sections -Wall -fstack-usage -MMD -MP -MF"Core/Src/main.d" -MT"Core/Src/main.o" --specs=nano.specs -mfloat-abi=soft -mthumb -o "Core/Src/main.o"
arm-none-eabi-gcc -o "led_blink.elf" @"objects.list"   -mcpu=cortex-m3 -T"C:\Users\acer\OneDrive\Desktop\STM32F103\Projects\GPIO_LED_BLINK\led_blink\STM32F103C8TX_FLASH.ld" --specs=nosys.specs -Wl,-Map="led_blink.map" -Wl,--gc-sections -static --specs=nano.specs -mfloat-abi=soft -mthumb -Wl,--start-group -lc -lm -Wl,--end-group
Finished building target: led_blink.elf
 
arm-none-eabi-size   led_blink.elf 
arm-none-eabi-objdump -h -S  led_blink.elf  > "led_blink.list"
   text	   data	    bss	    dec	    hex	filename
   2372	     20	   1572	   3964	    f7c	led_blink.elf
Finished building: default.size.stdout
 
Finished building: led_blink.list
 
11:55:19 **** Incremental Build of configuration Debug for project led_blink ****
make -j8 all 
arm-none-eabi-gcc "../Core/Src/main.c" -mcpu=cortex-m3 -std=gnu11 -g3 -DDEBUG -DUSE_HAL_DRIVER -DSTM32F103xB -c -I../Core/Inc -I../Drivers/STM32F1xx_HAL_Driver/Inc -I../Drivers/STM32F1xx_HAL_Driver/Inc/Legacy -I../Drivers/CMSIS/Device/ST/STM32F1xx/Include -I../Drivers/CMSIS/Include -O0 -ffunction-sections -fdata-sections -Wall -fstack-usage -MMD -MP -MF"Core/Src/main.d" -MT"Core/Src/main.o" --specs=nano.specs -mfloat-abi=soft -mthumb -o "Core/Src/main.o"
../Core/Src/main.c: In function 'RegisterClockConfig':
../Core/Src/main.c:175:15: error: 'RCC_CFGR_PLLMUL9' undeclared (first use in this function); did you mean 'RCC_CFGR_PLLMULL'?
  175 |  RCC->CFGR |= RCC_CFGR_PLLMUL9;
      |               ^~~~~~~~~~~~~~~~
      |               RCC_CFGR_PLLMULL
../Core/Src/main.c:175:15: note: each undeclared identifier is reported only once for each function it appears in
../Core/Src/main.c:178:15: error: 'RCC_CFGR_PLLDIV1' undeclared (first use in this function); did you mean 'RCC_CFGR_PLLMULL'?
  178 |  RCC->CFGR |= RCC_CFGR_PLLDIV1;
      |               ^~~~~~~~~~~~~~~~
      |               RCC_CFGR_PLLMULL
make: *** [Core/Src/subdir.mk:34: Core/Src/main.o] Error 1
"make -j8 all" terminated with exit code 2. Build might be incomplete.
11:57:23 **** Incremental Build of configuration Debug for project led_blink ****
make -j8 all 
arm-none-eabi-gcc "../Core/Src/main.c" -mcpu=cortex-m3 -std=gnu11 -g3 -DDEBUG -DUSE_HAL_DRIVER -DSTM32F103xB -c -I../Core/Inc -I../Drivers/STM32F1xx_HAL_Driver/Inc -I../Drivers/STM32F1xx_HAL_Driver/Inc/Legacy -I../Drivers/CMSIS/Device/ST/STM32F1xx/Include -I../Drivers/CMSIS/Include -O0 -ffunction-sections -fdata-sections -Wall -fstack-usage -MMD -MP -MF"Core/Src/main.d" -MT"Core/Src/main.o" --specs=nano.specs -mfloat-abi=soft -mthumb -o "Core/Src/main.o"
arm-none-eabi-gcc -o "led_blink.elf" @"objects.list"   -mcpu=cortex-m3 -T"C:\Users\acer\OneDrive\Desktop\STM32F103\Projects\GPIO_LED_BLINK\led_blink\STM32F103C8TX_FLASH.ld" --specs=nosys.specs -Wl,-Map="led_blink.map" -Wl,--gc-sections -static --specs=nano.specs -mfloat-abi=soft -mthumb -Wl,--start-group -lc -lm -Wl,--end-group
Finished building target: led_blink.elf
 
arm-none-eabi-size   led_blink.elf 
arm-none-eabi-objdump -h -S  led_blink.elf  > "led_blink.list"
   text	   data	    bss	    dec	    hex	filename
   4540	     20	   1572	   6132	   17f4	led_blink.elf
Finished building: default.size.stdout
 
Finished building: led_blink.list
 
12:40:01 **** Incremental Build of configuration Debug for project led_blink ****
make -j8 all 
arm-none-eabi-gcc "../Core/Src/main.c" -mcpu=cortex-m3 -std=gnu11 -g3 -DDEBUG -DUSE_HAL_DRIVER -DSTM32F103xB -c -I../Core/Inc -I../Drivers/STM32F1xx_HAL_Driver/Inc -I../Drivers/STM32F1xx_HAL_Driver/Inc/Legacy -I../Drivers/CMSIS/Device/ST/STM32F1xx/Include -I../Drivers/CMSIS/Include -O0 -ffunction-sections -fdata-sections -Wall -fstack-usage -MMD -MP -MF"Core/Src/main.d" -MT"Core/Src/main.o" --specs=nano.specs -mfloat-abi=soft -mthumb -o "Core/Src/main.o"
../Core/Src/main.c: In function 'SetSysClockTo72':
../Core/Src/main.c:173:16: error: 'RCC_CFGR_PLLSRC_HSE' undeclared (first use in this function); did you mean 'RCC_CFGR_PLLSRC_Msk'?
  173 |   RCC->CFGR |= RCC_CFGR_PLLSRC_HSE | RCC_CFGR_PLLMULL9;   // PLLCLK = HSE * 9 = 72 MHz
      |                ^~~~~~~~~~~~~~~~~~~
      |                RCC_CFGR_PLLSRC_Msk
../Core/Src/main.c:173:16: note: each undeclared identifier is reported only once for each function it appears in
make: *** [Core/Src/subdir.mk:34: Core/Src/main.o] Error 1
"make -j8 all" terminated with exit code 2. Build might be incomplete.
12:41:14 **** Incremental Build of configuration Debug for project led_blink ****
make -j8 all 
arm-none-eabi-gcc "../Core/Src/main.c" -mcpu=cortex-m3 -std=gnu11 -g3 -DDEBUG -DUSE_HAL_DRIVER -DSTM32F103xB -c -I../Core/Inc -I../Drivers/STM32F1xx_HAL_Driver/Inc -I../Drivers/STM32F1xx_HAL_Driver/Inc/Legacy -I../Drivers/CMSIS/Device/ST/STM32F1xx/Include -I../Drivers/CMSIS/Include -O0 -ffunction-sections -fdata-sections -Wall -fstack-usage -MMD -MP -MF"Core/Src/main.d" -MT"Core/Src/main.o" --specs=nano.specs -mfloat-abi=soft -mthumb -o "Core/Src/main.o"
../Core/Src/main.c: In function 'SetSysClockTo72':
../Core/Src/main.c:173:16: error: 'RCC_CFGR_PLLSRC_HSE' undeclared (first use in this function); did you mean 'RCC_CFGR_PLLSRC_Msk'?
  173 |   RCC->CFGR |= RCC_CFGR_PLLSRC_HSE | RCC_CFGR_PLLMULL9;   // PLLCLK = HSE * 9 = 72 MHz
      |                ^~~~~~~~~~~~~~~~~~~
      |                RCC_CFGR_PLLSRC_Msk
../Core/Src/main.c:173:16: note: each undeclared identifier is reported only once for each function it appears in
make: *** [Core/Src/subdir.mk:34: Core/Src/main.o] Error 1
"make -j8 all" terminated with exit code 2. Build might be incomplete.
12:45:05 **** Incremental Build of configuration Debug for project led_blink ****
make -j8 all 
arm-none-eabi-gcc "../Core/Src/main.c" -mcpu=cortex-m3 -std=gnu11 -g3 -DDEBUG -DUSE_HAL_DRIVER -DSTM32F103xB -c -I../Core/Inc -I../Drivers/STM32F1xx_HAL_Driver/Inc -I../Drivers/STM32F1xx_HAL_Driver/Inc/Legacy -I../Drivers/CMSIS/Device/ST/STM32F1xx/Include -I../Drivers/CMSIS/Include -O0 -ffunction-sections -fdata-sections -Wall -fstack-usage -MMD -MP -MF"Core/Src/main.d" -MT"Core/Src/main.o" --specs=nano.specs -mfloat-abi=soft -mthumb -o "Core/Src/main.o"
arm-none-eabi-gcc -o "led_blink.elf" @"objects.list"   -mcpu=cortex-m3 -T"C:\Users\acer\OneDrive\Desktop\STM32F103\Projects\GPIO_LED_BLINK\led_blink\STM32F103C8TX_FLASH.ld" --specs=nosys.specs -Wl,-Map="led_blink.map" -Wl,--gc-sections -static --specs=nano.specs -mfloat-abi=soft -mthumb -Wl,--start-group -lc -lm -Wl,--end-group
Finished building target: led_blink.elf
 
arm-none-eabi-size   led_blink.elf 
arm-none-eabi-objdump -h -S  led_blink.elf  > "led_blink.list"
   text	   data	    bss	    dec	    hex	filename
   2500	     20	   1572	   4092	    ffc	led_blink.elf
Finished building: default.size.stdout
 
Finished building: led_blink.list
 
12:45:58 **** Incremental Build of configuration Debug for project led_blink ****
make -j8 all 
arm-none-eabi-gcc "../Core/Src/main.c" -mcpu=cortex-m3 -std=gnu11 -g3 -DDEBUG -DUSE_HAL_DRIVER -DSTM32F103xB -c -I../Core/Inc -I../Drivers/STM32F1xx_HAL_Driver/Inc -I../Drivers/STM32F1xx_HAL_Driver/Inc/Legacy -I../Drivers/CMSIS/Device/ST/STM32F1xx/Include -I../Drivers/CMSIS/Include -O0 -ffunction-sections -fdata-sections -Wall -fstack-usage -MMD -MP -MF"Core/Src/main.d" -MT"Core/Src/main.o" --specs=nano.specs -mfloat-abi=soft -mthumb -o "Core/Src/main.o"
arm-none-eabi-gcc -o "led_blink.elf" @"objects.list"   -mcpu=cortex-m3 -T"C:\Users\acer\OneDrive\Desktop\STM32F103\Projects\GPIO_LED_BLINK\led_blink\STM32F103C8TX_FLASH.ld" --specs=nosys.specs -Wl,-Map="led_blink.map" -Wl,--gc-sections -static --specs=nano.specs -mfloat-abi=soft -mthumb -Wl,--start-group -lc -lm -Wl,--end-group
Finished building target: led_blink.elf
 
arm-none-eabi-size   led_blink.elf 
arm-none-eabi-objdump -h -S  led_blink.elf  > "led_blink.list"
   text	   data	    bss	    dec	    hex	filename
   2632	     20	   1572	   4224	   1080	led_blink.elf
Finished building: default.size.stdout
 
Finished building: led_blink.list
 
12:46:05 **** Incremental Build of configuration Debug for project led_blink ****
make -j8 all 
arm-none-eabi-size   led_blink.elf 
   text	   data	    bss	    dec	    hex	filename
   2632	     20	   1572	   4224	   1080	led_blink.elf
Finished building: default.size.stdout
 
12:46:54 **** Incremental Build of configuration Debug for project led_blink ****
make -j8 all 
arm-none-eabi-gcc "../Core/Src/main.c" -mcpu=cortex-m3 -std=gnu11 -g3 -DDEBUG -DUSE_HAL_DRIVER -DSTM32F103xB -c -I../Core/Inc -I../Drivers/STM32F1xx_HAL_Driver/Inc -I../Drivers/STM32F1xx_HAL_Driver/Inc/Legacy -I../Drivers/CMSIS/Device/ST/STM32F1xx/Include -I../Drivers/CMSIS/Include -O0 -ffunction-sections -fdata-sections -Wall -fstack-usage -MMD -MP -MF"Core/Src/main.d" -MT"Core/Src/main.o" --specs=nano.specs -mfloat-abi=soft -mthumb -o "Core/Src/main.o"
arm-none-eabi-gcc -o "led_blink.elf" @"objects.list"   -mcpu=cortex-m3 -T"C:\Users\acer\OneDrive\Desktop\STM32F103\Projects\GPIO_LED_BLINK\led_blink\STM32F103C8TX_FLASH.ld" --specs=nosys.specs -Wl,-Map="led_blink.map" -Wl,--gc-sections -static --specs=nano.specs -mfloat-abi=soft -mthumb -Wl,--start-group -lc -lm -Wl,--end-group
Finished building target: led_blink.elf
 
arm-none-eabi-size   led_blink.elf 
arm-none-eabi-objdump -h -S  led_blink.elf  > "led_blink.list"
   text	   data	    bss	    dec	    hex	filename
   4656	     20	   1572	   6248	   1868	led_blink.elf
Finished building: default.size.stdout
 
Finished building: led_blink.list
 
12:47:00 **** Incremental Build of configuration Debug for project led_blink ****
make -j8 all 
arm-none-eabi-size   led_blink.elf 
   text	   data	    bss	    dec	    hex	filename
   4656	     20	   1572	   6248	   1868	led_blink.elf
Finished building: default.size.stdout
 
12:49:10 **** Incremental Build of configuration Debug for project led_blink ****
make -j8 all 
arm-none-eabi-gcc "../Core/Src/main.c" -mcpu=cortex-m3 -std=gnu11 -g3 -DDEBUG -DUSE_HAL_DRIVER -DSTM32F103xB -c -I../Core/Inc -I../Drivers/STM32F1xx_HAL_Driver/Inc -I../Drivers/STM32F1xx_HAL_Driver/Inc/Legacy -I../Drivers/CMSIS/Device/ST/STM32F1xx/Include -I../Drivers/CMSIS/Include -O0 -ffunction-sections -fdata-sections -Wall -fstack-usage -MMD -MP -MF"Core/Src/main.d" -MT"Core/Src/main.o" --specs=nano.specs -mfloat-abi=soft -mthumb -o "Core/Src/main.o"
arm-none-eabi-gcc -o "led_blink.elf" @"objects.list"   -mcpu=cortex-m3 -T"C:\Users\acer\OneDrive\Desktop\STM32F103\Projects\GPIO_LED_BLINK\led_blink\STM32F103C8TX_FLASH.ld" --specs=nosys.specs -Wl,-Map="led_blink.map" -Wl,--gc-sections -static --specs=nano.specs -mfloat-abi=soft -mthumb -Wl,--start-group -lc -lm -Wl,--end-group
Finished building target: led_blink.elf
 
arm-none-eabi-size   led_blink.elf 
arm-none-eabi-objdump -h -S  led_blink.elf  > "led_blink.list"
   text	   data	    bss	    dec	    hex	filename
   4692	     20	   1572	   6284	   188c	led_blink.elf
Finished building: default.size.stdout
 
Finished building: led_blink.list
 
12:49:15 **** Incremental Build of configuration Debug for project led_blink ****
make -j8 all 
arm-none-eabi-size   led_blink.elf 
   text	   data	    bss	    dec	    hex	filename
   4692	     20	   1572	   6284	   188c	led_blink.elf
Finished building: default.size.stdout
 
12:49:43 **** Incremental Build of configuration Debug for project led_blink ****
make -j8 all 
arm-none-eabi-gcc "../Core/Src/main.c" -mcpu=cortex-m3 -std=gnu11 -g3 -DDEBUG -DUSE_HAL_DRIVER -DSTM32F103xB -c -I../Core/Inc -I../Drivers/STM32F1xx_HAL_Driver/Inc -I../Drivers/STM32F1xx_HAL_Driver/Inc/Legacy -I../Drivers/CMSIS/Device/ST/STM32F1xx/Include -I../Drivers/CMSIS/Include -O0 -ffunction-sections -fdata-sections -Wall -fstack-usage -MMD -MP -MF"Core/Src/main.d" -MT"Core/Src/main.o" --specs=nano.specs -mfloat-abi=soft -mthumb -o "Core/Src/main.o"
arm-none-eabi-gcc -o "led_blink.elf" @"objects.list"   -mcpu=cortex-m3 -T"C:\Users\acer\OneDrive\Desktop\STM32F103\Projects\GPIO_LED_BLINK\led_blink\STM32F103C8TX_FLASH.ld" --specs=nosys.specs -Wl,-Map="led_blink.map" -Wl,--gc-sections -static --specs=nano.specs -mfloat-abi=soft -mthumb -Wl,--start-group -lc -lm -Wl,--end-group
Finished building target: led_blink.elf
 
arm-none-eabi-size   led_blink.elf 
arm-none-eabi-objdump -h -S  led_blink.elf  > "led_blink.list"
   text	   data	    bss	    dec	    hex	filename
   4656	     20	   1572	   6248	   1868	led_blink.elf
Finished building: default.size.stdout
 
Finished building: led_blink.list
 
12:49:49 **** Incremental Build of configuration Debug for project led_blink ****
make -j8 all 
arm-none-eabi-size   led_blink.elf 
   text	   data	    bss	    dec	    hex	filename
   4656	     20	   1572	   6248	   1868	led_blink.elf
Finished building: default.size.stdout
 
12:50:22 **** Incremental Build of configuration Debug for project led_blink ****
make -j8 all 
arm-none-eabi-gcc "../Core/Src/main.c" -mcpu=cortex-m3 -std=gnu11 -g3 -DDEBUG -DUSE_HAL_DRIVER -DSTM32F103xB -c -I../Core/Inc -I../Drivers/STM32F1xx_HAL_Driver/Inc -I../Drivers/STM32F1xx_HAL_Driver/Inc/Legacy -I../Drivers/CMSIS/Device/ST/STM32F1xx/Include -I../Drivers/CMSIS/Include -O0 -ffunction-sections -fdata-sections -Wall -fstack-usage -MMD -MP -MF"Core/Src/main.d" -MT"Core/Src/main.o" --specs=nano.specs -mfloat-abi=soft -mthumb -o "Core/Src/main.o"
arm-none-eabi-gcc -o "led_blink.elf" @"objects.list"   -mcpu=cortex-m3 -T"C:\Users\acer\OneDrive\Desktop\STM32F103\Projects\GPIO_LED_BLINK\led_blink\STM32F103C8TX_FLASH.ld" --specs=nosys.specs -Wl,-Map="led_blink.map" -Wl,--gc-sections -static --specs=nano.specs -mfloat-abi=soft -mthumb -Wl,--start-group -lc -lm -Wl,--end-group
Finished building target: led_blink.elf
 
arm-none-eabi-size   led_blink.elf 
arm-none-eabi-objdump -h -S  led_blink.elf  > "led_blink.list"
   text	   data	    bss	    dec	    hex	filename
   4656	     20	   1572	   6248	   1868	led_blink.elf
Finished building: default.size.stdout
 
Finished building: led_blink.list
 
12:50:29 **** Incremental Build of configuration Debug for project led_blink ****
make -j8 all 
arm-none-eabi-size   led_blink.elf 
   text	   data	    bss	    dec	    hex	filename
   4656	     20	   1572	   6248	   1868	led_blink.elf
Finished building: default.size.stdout
 
12:52:43 **** Incremental Build of configuration Debug for project led_blink ****
make -j8 all 
arm-none-eabi-gcc "../Core/Src/main.c" -mcpu=cortex-m3 -std=gnu11 -g3 -DDEBUG -DUSE_HAL_DRIVER -DSTM32F103xB -c -I../Core/Inc -I../Drivers/STM32F1xx_HAL_Driver/Inc -I../Drivers/STM32F1xx_HAL_Driver/Inc/Legacy -I../Drivers/CMSIS/Device/ST/STM32F1xx/Include -I../Drivers/CMSIS/Include -O0 -ffunction-sections -fdata-sections -Wall -fstack-usage -MMD -MP -MF"Core/Src/main.d" -MT"Core/Src/main.o" --specs=nano.specs -mfloat-abi=soft -mthumb -o "Core/Src/main.o"
arm-none-eabi-gcc -o "led_blink.elf" @"objects.list"   -mcpu=cortex-m3 -T"C:\Users\acer\OneDrive\Desktop\STM32F103\Projects\GPIO_LED_BLINK\led_blink\STM32F103C8TX_FLASH.ld" --specs=nosys.specs -Wl,-Map="led_blink.map" -Wl,--gc-sections -static --specs=nano.specs -mfloat-abi=soft -mthumb -Wl,--start-group -lc -lm -Wl,--end-group
Finished building target: led_blink.elf
 
arm-none-eabi-size   led_blink.elf 
arm-none-eabi-objdump -h -S  led_blink.elf  > "led_blink.list"
   text	   data	    bss	    dec	    hex	filename
   4692	     20	   1572	   6284	   188c	led_blink.elf
Finished building: default.size.stdout
 
Finished building: led_blink.list
 
12:52:50 **** Incremental Build of configuration Debug for project led_blink ****
make -j8 all 
arm-none-eabi-size   led_blink.elf 
   text	   data	    bss	    dec	    hex	filename
   4692	     20	   1572	   6284	   188c	led_blink.elf
Finished building: default.size.stdout
 
12:55:55 **** Incremental Build of configuration Debug for project led_blink ****
make -j8 all 
arm-none-eabi-gcc "../Core/Src/main.c" -mcpu=cortex-m3 -std=gnu11 -g3 -DDEBUG -DUSE_HAL_DRIVER -DSTM32F103xB -c -I../Core/Inc -I../Drivers/STM32F1xx_HAL_Driver/Inc -I../Drivers/STM32F1xx_HAL_Driver/Inc/Legacy -I../Drivers/CMSIS/Device/ST/STM32F1xx/Include -I../Drivers/CMSIS/Include -O0 -ffunction-sections -fdata-sections -Wall -fstack-usage -MMD -MP -MF"Core/Src/main.d" -MT"Core/Src/main.o" --specs=nano.specs -mfloat-abi=soft -mthumb -o "Core/Src/main.o"
arm-none-eabi-gcc -o "led_blink.elf" @"objects.list"   -mcpu=cortex-m3 -T"C:\Users\acer\OneDrive\Desktop\STM32F103\Projects\GPIO_LED_BLINK\led_blink\STM32F103C8TX_FLASH.ld" --specs=nosys.specs -Wl,-Map="led_blink.map" -Wl,--gc-sections -static --specs=nano.specs -mfloat-abi=soft -mthumb -Wl,--start-group -lc -lm -Wl,--end-group
Finished building target: led_blink.elf
 
arm-none-eabi-size   led_blink.elf 
arm-none-eabi-objdump -h -S  led_blink.elf  > "led_blink.list"
   text	   data	    bss	    dec	    hex	filename
   4692	     20	   1572	   6284	   188c	led_blink.elf
Finished building: default.size.stdout
 
Finished building: led_blink.list
 
12:56:00 **** Incremental Build of configuration Debug for project led_blink ****
make -j8 all 
arm-none-eabi-size   led_blink.elf 
   text	   data	    bss	    dec	    hex	filename
   4692	     20	   1572	   6284	   188c	led_blink.elf
Finished building: default.size.stdout
 
